// Jest Snapshot v1, https://goo.gl/fbAQLP

exports[`When Users page is called and everything is ok Snapshot with users 1`] = `
<div>
  <div>
    <h3>
      Lista de Usu√°rios
    </h3>
    <table
      class="table table-striped table-bordered table-hover"
    >
      <thead
        data-testid="tableHeader"
      >
        <tr>
          <th>
            Login
          </th>
        </tr>
      </thead>
      <tbody
        data-testid="userList"
      >
        <tr>
          <td>
            mojombo
          </td>
        </tr>
        <tr>
          <td>
            defunkt
          </td>
        </tr>
        <tr>
          <td>
            pjhyett
          </td>
        </tr>
      </tbody>
    </table>
  </div>
</div>
`;
