// Jest Snapshot v1, https://goo.gl/fbAQLP

exports[`List component Create Snapshot Snapshot with loading active and no user on list 1`] = `
<div>
  <h3>
    Lista de Usu√°rios
  </h3>
  <div>
    Loading...
  </div>
</div>
`;
